// Jest Snapshot v1, https://goo.gl/fbAQLP

exports[`Home Component, LogoTitle has no changes 1`] = `
<div>
  <Image
    as="img"
    fluid={true}
    src="trap.svg"
    ui={true}
  />
  <div
    className="pageTitle"
  >
    <font
      size="50"
    >
       
    </font>
  </div>
  <div
    className="logo"
  >
    <Image
      as="img"
      className="logoterra"
      src="logo.png"
      ui={true}
    />
  </div>
</div>
`;
